// Jest Snapshot v1, https://goo.gl/fbAQLP

exports[`<ShowForcepoolButton /> should render as expected 1`] = `
ShallowWrapper {
  Symbol(enzyme.__root__): [Circular],
  Symbol(enzyme.__unrendered__): <ShowForcepoolBtn
    store={
      GameStore {
        "currentActiveDialog": "",
        "showDialogPanel": false,
        "theater": "http://res.cloudinary.com/druzhkwmt/image/upload/v1456179368/b3oj0apypmsiu1zsypwl.jpg",
        Symbol(mobx did run lazy initializers): true,
        Symbol(mobx administration): ObservableObjectAdministration$$1 {
          "defaultEnhancer": [Function],
          "keysAtom": Atom$$1 {
            "diffValue": 0,
            "isBeingObserved": false,
            "isPendingUnobservation": false,
            "lastAccessedBy": 0,
            "lowestObserverState": 2,
            "name": "GameStore@1.keys",
            "observers": Set {},
          },
          "name": "GameStore@1",
          "target": [Circular],
          "values": Map {
            "theater" => "http://res.cloudinary.com/druzhkwmt/image/upload/v1456179368/b3oj0apypmsiu1zsypwl.jpg",
            "showDialogPanel" => false,
            "currentActiveDialog" => "",
          },
        },
      }
    }
  />,
  Symbol(enzyme.__renderer__): Object {
    "batchedUpdates": [Function],
    "getNode": [Function],
    "render": [Function],
    "simulateEvent": [Function],
    "unmount": [Function],
  },
  Symbol(enzyme.__node__): Object {
    "instance": null,
    "key": undefined,
    "nodeType": "host",
    "props": Object {
      "children": <Sidebutton
        action={[Function]}
        image={undefined}
      />,
    },
    "ref": null,
    "rendered": Object {
      "instance": null,
      "key": undefined,
      "nodeType": "function",
      "props": Object {
        "action": [Function],
        "image": undefined,
      },
      "ref": null,
      "rendered": null,
      "type": [Function],
    },
    "type": "div",
  },
  Symbol(enzyme.__nodes__): Array [
    Object {
      "instance": null,
      "key": undefined,
      "nodeType": "host",
      "props": Object {
        "children": <Sidebutton
          action={[Function]}
          image={undefined}
        />,
      },
      "ref": null,
      "rendered": Object {
        "instance": null,
        "key": undefined,
        "nodeType": "function",
        "props": Object {
          "action": [Function],
          "image": undefined,
        },
        "ref": null,
        "rendered": null,
        "type": [Function],
      },
      "type": "div",
    },
  ],
  Symbol(enzyme.__options__): Object {
    "adapter": ReactSixteenAdapter {
      "options": Object {
        "enableComponentDidUpdateOnSetState": true,
        "lifecycles": Object {
          "componentDidUpdate": Object {
            "onSetState": true,
          },
          "getDerivedStateFromProps": true,
          "getSnapshotBeforeUpdate": true,
          "setState": Object {
            "skipsComponentDidUpdateOnNullish": true,
          },
        },
      },
    },
    "attachTo": undefined,
    "hydrateIn": undefined,
  },
}
`;
