// Jest Snapshot v1, https://goo.gl/fbAQLP

exports[`renders an app component 1`] = `
ShallowWrapper {
  Symbol(enzyme.__root__): [Circular],
  Symbol(enzyme.__unrendered__): <App />,
  Symbol(enzyme.__renderer__): Object {
    "batchedUpdates": [Function],
    "getNode": [Function],
    "render": [Function],
    "simulateEvent": [Function],
    "unmount": [Function],
  },
  Symbol(enzyme.__node__): Object {
    "instance": null,
    "key": undefined,
    "nodeType": "host",
    "props": Object {
      "children": Array [
        <header
          className={undefined}
        >
          <img
            alt="logo"
            className={undefined}
            src={undefined}
          />
          <h1
            className={undefined}
          >
            Welcome to React
          </h1>
        </header>,
        <p
          className={undefined}
        >
          To get started, edit 
          <code>
            src/App.tsx
          </code>
           and save to reload.
        </p>,
        <GameBoard />,
      ],
      "className": undefined,
    },
    "ref": null,
    "rendered": Array [
      Object {
        "instance": null,
        "key": undefined,
        "nodeType": "host",
        "props": Object {
          "children": Array [
            <img
              alt="logo"
              className={undefined}
              src={undefined}
            />,
            <h1
              className={undefined}
            >
              Welcome to React
            </h1>,
          ],
          "className": undefined,
        },
        "ref": null,
        "rendered": Array [
          Object {
            "instance": null,
            "key": undefined,
            "nodeType": "host",
            "props": Object {
              "alt": "logo",
              "className": undefined,
              "src": undefined,
            },
            "ref": null,
            "rendered": null,
            "type": "img",
          },
          Object {
            "instance": null,
            "key": undefined,
            "nodeType": "host",
            "props": Object {
              "children": "Welcome to React",
              "className": undefined,
            },
            "ref": null,
            "rendered": "Welcome to React",
            "type": "h1",
          },
        ],
        "type": "header",
      },
      Object {
        "instance": null,
        "key": undefined,
        "nodeType": "host",
        "props": Object {
          "children": Array [
            "To get started, edit ",
            <code>
              src/App.tsx
            </code>,
            " and save to reload.",
          ],
          "className": undefined,
        },
        "ref": null,
        "rendered": Array [
          "To get started, edit ",
          Object {
            "instance": null,
            "key": undefined,
            "nodeType": "host",
            "props": Object {
              "children": "src/App.tsx",
            },
            "ref": null,
            "rendered": "src/App.tsx",
            "type": "code",
          },
          " and save to reload.",
        ],
        "type": "p",
      },
      Object {
        "instance": null,
        "key": undefined,
        "nodeType": "class",
        "props": Object {},
        "ref": null,
        "rendered": null,
        "type": [Function],
      },
    ],
    "type": "div",
  },
  Symbol(enzyme.__nodes__): Array [
    Object {
      "instance": null,
      "key": undefined,
      "nodeType": "host",
      "props": Object {
        "children": Array [
          <header
            className={undefined}
          >
            <img
              alt="logo"
              className={undefined}
              src={undefined}
            />
            <h1
              className={undefined}
            >
              Welcome to React
            </h1>
          </header>,
          <p
            className={undefined}
          >
            To get started, edit 
            <code>
              src/App.tsx
            </code>
             and save to reload.
          </p>,
          <GameBoard />,
        ],
        "className": undefined,
      },
      "ref": null,
      "rendered": Array [
        Object {
          "instance": null,
          "key": undefined,
          "nodeType": "host",
          "props": Object {
            "children": Array [
              <img
                alt="logo"
                className={undefined}
                src={undefined}
              />,
              <h1
                className={undefined}
              >
                Welcome to React
              </h1>,
            ],
            "className": undefined,
          },
          "ref": null,
          "rendered": Array [
            Object {
              "instance": null,
              "key": undefined,
              "nodeType": "host",
              "props": Object {
                "alt": "logo",
                "className": undefined,
                "src": undefined,
              },
              "ref": null,
              "rendered": null,
              "type": "img",
            },
            Object {
              "instance": null,
              "key": undefined,
              "nodeType": "host",
              "props": Object {
                "children": "Welcome to React",
                "className": undefined,
              },
              "ref": null,
              "rendered": "Welcome to React",
              "type": "h1",
            },
          ],
          "type": "header",
        },
        Object {
          "instance": null,
          "key": undefined,
          "nodeType": "host",
          "props": Object {
            "children": Array [
              "To get started, edit ",
              <code>
                src/App.tsx
              </code>,
              " and save to reload.",
            ],
            "className": undefined,
          },
          "ref": null,
          "rendered": Array [
            "To get started, edit ",
            Object {
              "instance": null,
              "key": undefined,
              "nodeType": "host",
              "props": Object {
                "children": "src/App.tsx",
              },
              "ref": null,
              "rendered": "src/App.tsx",
              "type": "code",
            },
            " and save to reload.",
          ],
          "type": "p",
        },
        Object {
          "instance": null,
          "key": undefined,
          "nodeType": "class",
          "props": Object {},
          "ref": null,
          "rendered": null,
          "type": [Function],
        },
      ],
      "type": "div",
    },
  ],
  Symbol(enzyme.__options__): Object {
    "adapter": ReactSixteenAdapter {
      "options": Object {
        "enableComponentDidUpdateOnSetState": true,
        "lifecycles": Object {
          "componentDidUpdate": Object {
            "onSetState": true,
          },
          "getDerivedStateFromProps": true,
          "getSnapshotBeforeUpdate": true,
          "setState": Object {
            "skipsComponentDidUpdateOnNullish": true,
          },
        },
      },
    },
    "attachTo": undefined,
    "hydrateIn": undefined,
  },
}
`;
